2026-09-21 22:09:48,228 - INFO - Loading configuration from config.json
2026-09-21 22:09:48,229 - INFO - Configuration validation successful.
2026-09-21 22:09:48,229 - INFO - Configuration validation successful.
2026-09-21 22:10:02,666 - INFO - Loading configuration from config.json
2026-09-21 22:10:02,667 - INFO - Configuration validation successful.
2026-09-21 22:10:02,667 - INFO - Configuration validation successful.
2026-09-21 22:11:15,045 - INFO - Loading configuration from config.json
2026-09-21 22:11:15,046 - INFO - Configuration validation successful.
2026-09-21 22:11:15,046 - INFO - Configuration validation successful.
2026-09-21 22:11:32,876 - INFO - Loading configuration from config.json
2026-09-21 22:11:32,877 - INFO - Configuration validation successful.
2026-09-21 22:11:32,877 - INFO - Configuration validation successful.
2026-09-21 22:11:47,776 - INFO - Loading configuration from config.json
2026-09-21 22:11:47,776 - INFO - Configuration validation successful.
2026-09-21 22:11:47,776 - INFO - Configuration validation successful.
2026-09-21 22:11:47,777 - INFO - Loading configuration from config.json
2026-09-21 22:11:47,777 - INFO - Generated prefix: cultured common
2026-09-21 22:11:47,777 - INFO - Generated prefix: well-known amazing
2026-09-21 22:11:47,778 - INFO - Configuration validation successful.
2026-09-21 22:21:31,073 - INFO - Loading configuration from config.json
2026-09-21 22:21:31,073 - INFO - Configuration validation successful.
2026-09-21 22:21:31,074 - INFO - Configuration validation successful.
2026-09-21 22:21:31,074 - INFO - Loading configuration from config.json
2026-09-21 22:21:31,074 - INFO - Generated prefix: astute capable
2026-09-21 22:21:31,074 - INFO - Generated prefix: genius extraordinary
2026-09-21 22:21:31,074 - INFO - Configuration validation successful.
2026-09-21 22:35:05,557 - INFO - Loading configuration from config.json
2026-09-21 22:35:05,558 - INFO - Configuration validation successful.
2026-09-21 22:35:05,558 - INFO - Configuration validation successful.
2026-09-21 22:35:05,558 - INFO - Loading configuration from config.json
2026-09-21 22:35:05,559 - INFO - Generated prefix: positive profound
2026-09-21 22:35:05,559 - INFO - Generated prefix: high-end predictable
2026-09-21 22:35:05,559 - INFO - Configuration validation successful.
